------------------------------------------------------------
TimeQuest Timing Analyzer Summary
------------------------------------------------------------

Type  : Slow Model Setup 'clk'
Slack : -5.093
TNS   : -44.613

Type  : Slow Model Setup 'divisor_frecuencia:inst_clk_872|clk_out'
Slack : -4.693
TNS   : -173.121

Type  : Slow Model Setup 'divisor_frecuencia:inst_clk_9600|clk_out'
Slack : -1.806
TNS   : -5.444

Type  : Slow Model Hold 'divisor_frecuencia:inst_clk_9600|clk_out'
Slack : -3.673
TNS   : -3.673

Type  : Slow Model Hold 'clk'
Slack : -1.111
TNS   : -1.111

Type  : Slow Model Hold 'divisor_frecuencia:inst_clk_872|clk_out'
Slack : 0.753
TNS   : 0.000

Type  : Slow Model Minimum Pulse Width 'clk'
Slack : -1.941
TNS   : -22.717

Type  : Slow Model Minimum Pulse Width 'divisor_frecuencia:inst_clk_872|clk_out'
Slack : -0.742
TNS   : -57.876

Type  : Slow Model Minimum Pulse Width 'divisor_frecuencia:inst_clk_9600|clk_out'
Slack : -0.742
TNS   : -23.744

Type  : Fast Model Setup 'clk'
Slack : -0.963
TNS   : -6.443

Type  : Fast Model Setup 'divisor_frecuencia:inst_clk_872|clk_out'
Slack : -0.858
TNS   : -31.217

Type  : Fast Model Setup 'divisor_frecuencia:inst_clk_9600|clk_out'
Slack : 0.133
TNS   : 0.000

Type  : Fast Model Hold 'divisor_frecuencia:inst_clk_9600|clk_out'
Slack : -1.566
TNS   : -1.566

Type  : Fast Model Hold 'clk'
Slack : -1.034
TNS   : -1.034

Type  : Fast Model Hold 'divisor_frecuencia:inst_clk_872|clk_out'
Slack : 0.243
TNS   : 0.000

Type  : Fast Model Minimum Pulse Width 'clk'
Slack : -1.380
TNS   : -15.380

Type  : Fast Model Minimum Pulse Width 'divisor_frecuencia:inst_clk_872|clk_out'
Slack : -0.500
TNS   : -39.000

Type  : Fast Model Minimum Pulse Width 'divisor_frecuencia:inst_clk_9600|clk_out'
Slack : -0.500
TNS   : -16.000

------------------------------------------------------------
