------------------------------------------------------------
TimeQuest Timing Analyzer Summary
------------------------------------------------------------

Type  : Slow Model Setup 'wifi:inst_wifi|divisor_frecuencia:inst_clk_872|clk_out'
Slack : -7.735
TNS   : -611.930

Type  : Slow Model Setup 'clk'
Slack : -7.269
TNS   : -193.774

Type  : Slow Model Setup 'bluetooth:inst_bluetooth|divisor_frecuencia:inst_clk_872|clk_out'
Slack : -4.844
TNS   : -174.784

Type  : Slow Model Setup 'wifi:inst_wifi|divisor_frecuencia:inst_clk_153472|clk_out'
Slack : -3.637
TNS   : -81.735

Type  : Slow Model Setup 'bluetooth:inst_bluetooth|divisor_frecuencia:inst_clk_153472|clk_out'
Slack : -2.973
TNS   : -65.193

Type  : Slow Model Setup 'bluetooth:inst_bluetooth|divisor_frecuencia:inst_clk_9592|clk_out'
Slack : -1.075
TNS   : -3.795

Type  : Slow Model Setup 'wifi:inst_wifi|divisor_frecuencia:inst_clk_9592|clk_out'
Slack : -1.059
TNS   : -4.028

Type  : Slow Model Hold 'bluetooth:inst_bluetooth|divisor_frecuencia:inst_clk_9592|clk_out'
Slack : -2.176
TNS   : -2.176

Type  : Slow Model Hold 'wifi:inst_wifi|divisor_frecuencia:inst_clk_9592|clk_out'
Slack : -2.156
TNS   : -2.156

Type  : Slow Model Hold 'bluetooth:inst_bluetooth|divisor_frecuencia:inst_clk_153472|clk_out'
Slack : 0.499
TNS   : 0.000

Type  : Slow Model Hold 'wifi:inst_wifi|divisor_frecuencia:inst_clk_153472|clk_out'
Slack : 0.499
TNS   : 0.000

Type  : Slow Model Hold 'wifi:inst_wifi|divisor_frecuencia:inst_clk_872|clk_out'
Slack : 0.499
TNS   : 0.000

Type  : Slow Model Hold 'bluetooth:inst_bluetooth|divisor_frecuencia:inst_clk_872|clk_out'
Slack : 0.753
TNS   : 0.000

Type  : Slow Model Hold 'clk'
Slack : 1.164
TNS   : 0.000

Type  : Slow Model Minimum Pulse Width 'clk'
Slack : -1.941
TNS   : -77.625

Type  : Slow Model Minimum Pulse Width 'wifi:inst_wifi|divisor_frecuencia:inst_clk_872|clk_out'
Slack : -0.742
TNS   : -124.656

Type  : Slow Model Minimum Pulse Width 'bluetooth:inst_bluetooth|divisor_frecuencia:inst_clk_872|clk_out'
Slack : -0.742
TNS   : -56.392

Type  : Slow Model Minimum Pulse Width 'bluetooth:inst_bluetooth|divisor_frecuencia:inst_clk_153472|clk_out'
Slack : -0.742
TNS   : -40.068

Type  : Slow Model Minimum Pulse Width 'wifi:inst_wifi|divisor_frecuencia:inst_clk_153472|clk_out'
Slack : -0.742
TNS   : -40.068

Type  : Slow Model Minimum Pulse Width 'bluetooth:inst_bluetooth|divisor_frecuencia:inst_clk_9592|clk_out'
Slack : -0.742
TNS   : -23.744

Type  : Slow Model Minimum Pulse Width 'wifi:inst_wifi|divisor_frecuencia:inst_clk_9592|clk_out'
Slack : -0.742
TNS   : -23.744

Type  : Fast Model Setup 'wifi:inst_wifi|divisor_frecuencia:inst_clk_872|clk_out'
Slack : -1.837
TNS   : -140.741

Type  : Fast Model Setup 'clk'
Slack : -1.700
TNS   : -33.792

Type  : Fast Model Setup 'bluetooth:inst_bluetooth|divisor_frecuencia:inst_clk_872|clk_out'
Slack : -0.885
TNS   : -31.024

Type  : Fast Model Setup 'wifi:inst_wifi|divisor_frecuencia:inst_clk_153472|clk_out'
Slack : -0.481
TNS   : -8.427

Type  : Fast Model Setup 'bluetooth:inst_bluetooth|divisor_frecuencia:inst_clk_153472|clk_out'
Slack : -0.253
TNS   : -3.588

Type  : Fast Model Setup 'bluetooth:inst_bluetooth|divisor_frecuencia:inst_clk_9592|clk_out'
Slack : 0.329
TNS   : 0.000

Type  : Fast Model Setup 'wifi:inst_wifi|divisor_frecuencia:inst_clk_9592|clk_out'
Slack : 0.342
TNS   : 0.000

Type  : Fast Model Hold 'bluetooth:inst_bluetooth|divisor_frecuencia:inst_clk_9592|clk_out'
Slack : -1.108
TNS   : -1.108

Type  : Fast Model Hold 'wifi:inst_wifi|divisor_frecuencia:inst_clk_9592|clk_out'
Slack : -1.087
TNS   : -1.087

Type  : Fast Model Hold 'bluetooth:inst_bluetooth|divisor_frecuencia:inst_clk_153472|clk_out'
Slack : 0.215
TNS   : 0.000

Type  : Fast Model Hold 'wifi:inst_wifi|divisor_frecuencia:inst_clk_153472|clk_out'
Slack : 0.215
TNS   : 0.000

Type  : Fast Model Hold 'wifi:inst_wifi|divisor_frecuencia:inst_clk_872|clk_out'
Slack : 0.215
TNS   : 0.000

Type  : Fast Model Hold 'bluetooth:inst_bluetooth|divisor_frecuencia:inst_clk_872|clk_out'
Slack : 0.243
TNS   : 0.000

Type  : Fast Model Hold 'clk'
Slack : 0.356
TNS   : 0.000

Type  : Fast Model Minimum Pulse Width 'clk'
Slack : -1.380
TNS   : -52.380

Type  : Fast Model Minimum Pulse Width 'wifi:inst_wifi|divisor_frecuencia:inst_clk_872|clk_out'
Slack : -0.500
TNS   : -84.000

Type  : Fast Model Minimum Pulse Width 'bluetooth:inst_bluetooth|divisor_frecuencia:inst_clk_872|clk_out'
Slack : -0.500
TNS   : -38.000

Type  : Fast Model Minimum Pulse Width 'bluetooth:inst_bluetooth|divisor_frecuencia:inst_clk_153472|clk_out'
Slack : -0.500
TNS   : -27.000

Type  : Fast Model Minimum Pulse Width 'wifi:inst_wifi|divisor_frecuencia:inst_clk_153472|clk_out'
Slack : -0.500
TNS   : -27.000

Type  : Fast Model Minimum Pulse Width 'bluetooth:inst_bluetooth|divisor_frecuencia:inst_clk_9592|clk_out'
Slack : -0.500
TNS   : -16.000

Type  : Fast Model Minimum Pulse Width 'wifi:inst_wifi|divisor_frecuencia:inst_clk_9592|clk_out'
Slack : -0.500
TNS   : -16.000

------------------------------------------------------------
