Flow report for shield_iot
Tue Sep 28 19:01:24 2021
Quartus II 64-Bit Version 13.0.1 Build 232 06/12/2013 Service Pack 1 SJ Web Edition


---------------------
; Table of Contents ;
---------------------
  1. Legal Notice
  2. Flow Summary
  3. Flow Settings
  4. Flow Non-Default Global Settings
  5. Flow Elapsed Time
  6. Flow OS Summary
  7. Flow Log
  8. Flow Messages
  9. Flow Suppressed Messages



----------------
; Legal Notice ;
----------------
Copyright (C) 1991-2013 Altera Corporation
Your use of Altera Corporation's design tools, logic functions 
and other software and tools, and its AMPP partner logic 
functions, and any output files from any of the foregoing 
(including device programming or simulation files), and any 
associated documentation or information are expressly subject 
to the terms and conditions of the Altera Program License 
Subscription Agreement, Altera MegaCore Function License 
Agreement, or other applicable license agreement, including, 
without limitation, that your use is for the sole purpose of 
programming logic devices manufactured by Altera and sold by 
Altera or its authorized distributors.  Please refer to the 
applicable agreement for further details.



+--------------------------------------------------------------------------------------+
; Flow Summary                                                                         ;
+------------------------------------+-------------------------------------------------+
; Flow Status                        ; Successful - Tue Sep 28 19:01:24 2021           ;
; Quartus II 64-Bit Version          ; 13.0.1 Build 232 06/12/2013 SP 1 SJ Web Edition ;
; Revision Name                      ; shield_iot                                      ;
; Top-level Entity Name              ; shield_iot                                      ;
; Family                             ; Cyclone II                                      ;
; Device                             ; EP2C8Q208C8                                     ;
; Timing Models                      ; Final                                           ;
; Total logic elements               ; 669 / 8,256 ( 8 % )                             ;
;     Total combinational functions  ; 640 / 8,256 ( 8 % )                             ;
;     Dedicated logic registers      ; 259 / 8,256 ( 3 % )                             ;
; Total registers                    ; 259                                             ;
; Total pins                         ; 33 / 138 ( 24 % )                               ;
; Total virtual pins                 ; 0                                               ;
; Total memory bits                  ; 0 / 165,888 ( 0 % )                             ;
; Embedded Multiplier 9-bit elements ; 0 / 36 ( 0 % )                                  ;
; Total PLLs                         ; 0 / 2 ( 0 % )                                   ;
+------------------------------------+-------------------------------------------------+


+-----------------------------------------+
; Flow Settings                           ;
+-------------------+---------------------+
; Option            ; Setting             ;
+-------------------+---------------------+
; Start date & time ; 09/28/2021 19:01:06 ;
; Main task         ; Compilation         ;
; Revision Name     ; shield_iot          ;
+-------------------+---------------------+


+-----------------------------------------------------------------------------------------------------------------------------------+
; Flow Non-Default Global Settings                                                                                                  ;
+--------------------------------------+---------------------------------------+---------------+-------------+----------------------+
; Assignment Name                      ; Value                                 ; Default Value ; Entity Name ; Section Id           ;
+--------------------------------------+---------------------------------------+---------------+-------------+----------------------+
; COMPILER_SIGNATURE_ID                ; 233497586815007.163286646613016       ; --            ; --          ; --                   ;
; EDA_DESIGN_INSTANCE_NAME             ; NA                                    ; --            ; --          ; test bench bluetooth ;
; EDA_DESIGN_INSTANCE_NAME             ; NA                                    ; --            ; --          ; test bench wifi      ;
; EDA_DESIGN_INSTANCE_NAME             ; NA                                    ; --            ; --          ; test bench divisor   ;
; EDA_DESIGN_INSTANCE_NAME             ; NA                                    ; --            ; --          ; test bench shield    ;
; EDA_NATIVELINK_SIMULATION_TEST_BENCH ; test bench shield                     ; --            ; --          ; eda_simulation       ;
; EDA_OUTPUT_DATA_FORMAT               ; Vhdl                                  ; --            ; --          ; eda_simulation       ;
; EDA_SIMULATION_TOOL                  ; ModelSim-Altera (VHDL)                ; <None>        ; --          ; --                   ;
; EDA_TEST_BENCH_ENABLE_STATUS         ; TEST_BENCH_MODE                       ; --            ; --          ; eda_simulation       ;
; EDA_TEST_BENCH_FILE                  ; tb_bluetooth.vhd                      ; --            ; --          ; test bench bluetooth ;
; EDA_TEST_BENCH_FILE                  ; tb_wifi.vhd                           ; --            ; --          ; test bench wifi      ;
; EDA_TEST_BENCH_FILE                  ; tb_divisor_frecuencia.vhd             ; --            ; --          ; test bench divisor   ;
; EDA_TEST_BENCH_FILE                  ; tb_shield_iot.vhd                     ; --            ; --          ; test bench shield    ;
; EDA_TEST_BENCH_MODULE_NAME           ; test bench bluetooth                  ; --            ; --          ; test bench bluetooth ;
; EDA_TEST_BENCH_MODULE_NAME           ; test bench wifi                       ; --            ; --          ; test bench wifi      ;
; EDA_TEST_BENCH_MODULE_NAME           ; test bench divisor                    ; --            ; --          ; test bench divisor   ;
; EDA_TEST_BENCH_MODULE_NAME           ; test bench shield                     ; --            ; --          ; test bench shield    ;
; EDA_TEST_BENCH_NAME                  ; test bench bluetooth                  ; --            ; --          ; eda_simulation       ;
; EDA_TEST_BENCH_NAME                  ; test bench wifi                       ; --            ; --          ; eda_simulation       ;
; EDA_TEST_BENCH_NAME                  ; test bench divisor                    ; --            ; --          ; eda_simulation       ;
; EDA_TEST_BENCH_NAME                  ; test bench shield                     ; --            ; --          ; eda_simulation       ;
; MAX_CORE_JUNCTION_TEMP               ; 85                                    ; --            ; --          ; --                   ;
; MIN_CORE_JUNCTION_TEMP               ; 0                                     ; --            ; --          ; --                   ;
; PARTITION_COLOR                      ; 16764057                              ; --            ; --          ; Top                  ;
; PARTITION_FITTER_PRESERVATION_LEVEL  ; PLACEMENT_AND_ROUTING                 ; --            ; --          ; Top                  ;
; PARTITION_NETLIST_TYPE               ; SOURCE                                ; --            ; --          ; Top                  ;
; POWER_BOARD_THERMAL_MODEL            ; None (CONSERVATIVE)                   ; --            ; --          ; --                   ;
; POWER_PRESET_COOLING_SOLUTION        ; 23 MM HEAT SINK WITH 200 LFPM AIRFLOW ; --            ; --          ; --                   ;
; PROJECT_OUTPUT_DIRECTORY             ; output_files                          ; --            ; --          ; --                   ;
+--------------------------------------+---------------------------------------+---------------+-------------+----------------------+


+-------------------------------------------------------------------------------------------------------------------------------+
; Flow Elapsed Time                                                                                                             ;
+---------------------------+--------------+-------------------------+---------------------+------------------------------------+
; Module Name               ; Elapsed Time ; Average Processors Used ; Peak Virtual Memory ; Total CPU Time (on all processors) ;
+---------------------------+--------------+-------------------------+---------------------+------------------------------------+
; Analysis & Synthesis      ; 00:00:05     ; 1.0                     ; 4640 MB             ; 00:00:04                           ;
; Fitter                    ; 00:00:06     ; 1.0                     ; 4817 MB             ; 00:00:06                           ;
; Assembler                 ; 00:00:02     ; 1.0                     ; 4558 MB             ; 00:00:01                           ;
; TimeQuest Timing Analyzer ; 00:00:02     ; 1.0                     ; 4545 MB             ; 00:00:02                           ;
; EDA Netlist Writer        ; 00:00:01     ; 1.0                     ; 4507 MB             ; 00:00:01                           ;
; Total                     ; 00:00:16     ; --                      ; --                  ; 00:00:14                           ;
+---------------------------+--------------+-------------------------+---------------------+------------------------------------+


+----------------------------------------------------------------------------------------+
; Flow OS Summary                                                                        ;
+---------------------------+------------------+-----------+------------+----------------+
; Module Name               ; Machine Hostname ; OS Name   ; OS Version ; Processor type ;
+---------------------------+------------------+-----------+------------+----------------+
; Analysis & Synthesis      ; DESKTOP-4QE2QT2  ; Windows 7 ; 6.2        ; x86_64         ;
; Fitter                    ; DESKTOP-4QE2QT2  ; Windows 7 ; 6.2        ; x86_64         ;
; Assembler                 ; DESKTOP-4QE2QT2  ; Windows 7 ; 6.2        ; x86_64         ;
; TimeQuest Timing Analyzer ; DESKTOP-4QE2QT2  ; Windows 7 ; 6.2        ; x86_64         ;
; EDA Netlist Writer        ; DESKTOP-4QE2QT2  ; Windows 7 ; 6.2        ; x86_64         ;
+---------------------------+------------------+-----------+------------+----------------+


------------
; Flow Log ;
------------
quartus_map --read_settings_files=on --write_settings_files=off shield_iot -c shield_iot
quartus_fit --read_settings_files=off --write_settings_files=off shield_iot -c shield_iot
quartus_asm --read_settings_files=off --write_settings_files=off shield_iot -c shield_iot
quartus_sta shield_iot -c shield_iot
quartus_eda --read_settings_files=off --write_settings_files=off shield_iot -c shield_iot



